// Vitest Snapshot v1

exports[`VcsActionList > should mount 1`] = `"<div role=\\"list\\" class=\\"v-list v-sheet theme--light\\"><span data-v-c65d31be=\\"\\" class=\\"v-tooltip v-tooltip--left\\" tooltipposition=\\"left\\"><!----><div tabindex=\\"0\\" aria-haspopup=\\"true\\" aria-expanded=\\"false\\" role=\\"listitem\\" class=\\"v-list-item v-list-item--link theme--light\\"><!----><div class=\\"v-list-item__content vcs-action-list\\"><div class=\\"v-list-item__title\\">foo</div></div></div></span><span data-v-c65d31be=\\"\\" class=\\"v-tooltip v-tooltip--left\\" tooltipposition=\\"left\\"><!----><div tabindex=\\"0\\" aria-haspopup=\\"true\\" aria-expanded=\\"false\\" role=\\"listitem\\" class=\\"v-list-item v-list-item--link theme--light\\"><!----><div class=\\"v-list-item__content vcs-action-list\\"><div class=\\"v-list-item__title\\">bar</div></div></div></span></div>"`;
